// Jest Snapshot v1, https://goo.gl/fbAQLP

exports[`AddProperty renders correctly 1`] = `
<DocumentFragment>
  <div
    class="AddProperty"
  >
    <form
      class="form"
    >
      <p>
        Add Property
      </p>
      <div
        class="form-field form-field-title"
      >
        <label
          for="title"
        >
          Description:
          <input
            class="form-title-input"
            data-testid="form-title-input"
            id="title"
            name="title"
            placeholder="2 bed detached house"
            value=""
          />
        </label>
      </div>
      <div
        class="form-field form-field-type"
      >
        <label
          for="type"
        >
          Property type:
          <select
            class="form-type-select"
            id="type"
            name="type"
          >
            <option
              value="Flat"
            >
              Flat
            </option>
            <option
              value="Detached"
            >
              Detached
            </option>
            <option
              value="Semi-detached"
            >
              Semi-detached
            </option>
            <option
              value="Terraced"
            >
              Terraced
            </option>
            <option
              value="End of terrace"
            >
              End of terrace
            </option>
            <option
              value="Cottage"
            >
              Cottage
            </option>
            <option
              value="Bungalow"
            >
              Bungalow
            </option>
          </select>
        </label>
      </div>
      <div
        class="form-field form-field-bedrooms"
      >
        <label
          for="bedrooms"
        >
          Bedrooms:
          <input
            autocomplete="none"
            class="form-bedrooms-input"
            id="bedrooms"
            max="10"
            name="bedrooms"
            placeholder="3"
            type="number"
            value=""
          />
        </label>
      </div>
      <div
        class="form-field form-field-bathrooms"
      >
        <label
          for="bathrooms"
        >
          Bathrooms:
          <input
            autocomplete="none"
            class="form-bathrooms-input"
            id="bathrooms"
            max="10"
            name="bathrooms"
            placeholder="2"
            type="number"
            value=""
          />
        </label>
      </div>
      <div
        class="form-field form-field-price"
      >
        <label
          for="price"
        >
          Price: Â£
          <input
            autocomplete="none"
            class="form-price-input"
            id="price"
            max="10000000"
            min="5000"
            name="price"
            placeholder="125000"
            step="5000"
            type="number"
            value=""
          />
        </label>
      </div>
      <div
        class="form-field form-field-city"
      >
        <label
          for="city"
        >
          City:
          <select
            class="form-city-select"
            id="city"
            name="city"
          >
            <option
              value="Manchester"
            >
              Manchester
            </option>
            <option
              value="Leeds"
            >
              Leeds
            </option>
            <option
              value="Sheffield"
            >
              Sheffield
            </option>
            <option
              value="Liverpool"
            >
              Liverpool
            </option>
          </select>
        </label>
      </div>
      <div
        class="form-field form-field-email"
      >
        <label
          for="email"
        >
          Email:
          <input
            autocomplete="none"
            class="form-email-input"
            id="email"
            name="email"
            placeholder="your.email@here.com"
            type="email"
            value=""
          />
        </label>
      </div>
      <button
        class="form-button"
        data-testid="form-button"
        type="submit"
      >
        Add
      </button>
    </form>
  </div>
</DocumentFragment>
`;
